// Jest Snapshot v1, https://goo.gl/fbAQLP

exports[`<App /> Validation testing should render and match the snapshot 1`] = `
<div
  className="app"
>
  <BrowserRouter>
    <Switch>
      <Route
        component={[Function]}
        exact={true}
        path="/"
      />
      <Route
        component={[Function]}
        path="/account"
      />
      <Route
        component={[Function]}
        path="/comment"
      />
      <Route
        component={[Function]}
        path="/dashboard"
      />
      <Route
        component={[Function]}
        path="/boards"
      />
      <Route
        component={[Function]}
        path="/board"
      />
      <Route
        component={[Function]}
        path="/post"
      />
      <Route
        component={[Function]}
        path="/forum/create"
      />
    </Switch>
  </BrowserRouter>
</div>
`;
