// Jest Snapshot v1, https://goo.gl/fbAQLP

exports[`<PostSearch/> Validation testing should render and match the snapshot 1`] = `
<PostSearch
  board={
    Object {
      "title": "INDADD",
      "year": 2019,
    }
  }
  boards={
    Array [
      Object {
        "title": "INDADD",
        "year": 2019,
      },
      Object {
        "title": "INTPROG",
        "year": 2019,
      },
      Object {
        "title": "MATHFUN",
        "year": 2020,
      },
    ]
  }
/>
`;
