// Jest Snapshot v1, https://goo.gl/fbAQLP

exports[`<PostSearch/> Validation testing should render and match the snapshot 1`] = `
<PostSearch
  author="Jimbob Dingleberry"
  boards={
    Array [
      "INDADD",
      "INTPROG",
      "MATHFUN",
    ]
  }
  keywords={
    Array [
      "a",
      "b",
      "c",
      "d",
      "e",
    ]
  }
  startTime={"2020-03-25T11:44:43.029Z"}
  title="Top Quality Content"
/>
`;
